C:\Users\dudki\AppData\Local\Microsoft\WindowsApps\python.exe : Python 
строка:1 знак:17
+ ... c:\AI BET"; C:\Users\dudki\AppData\Local\Microsoft\WindowsApps\python ...
+                 ~~~~~~~~~~~~~~~~~~~~~~~~~~~~~~~~~~~~~~~~~~~~~~~~~~~~~~~~~
    + CategoryInfo          : NotSpecified: (Python :String) [], RemoteException
    + FullyQualifiedErrorId : NativeCommandError
 
